 tcdll

 Timestamp is 5876aa50 (Thu Jan 12 06:57:36 2017)

 Preferred load address is 66040000

 Start         Length     Name                   Class
 0001:00000000 000003ecH .rdata                  CODE
 0001:000003ec 00000114H .rdata$zzzdbg           CODE
 0001:00000500 00003540H .text$mn                CODE
 0001:00003a40 0000005bH .edata                  CODE
 0002:00000000 00000180H .data                   DATA
 0002:00000180 0000102cH .bss                    DATA
 0003:00000000 0000015cH .idata$5                DATA
 0003:0000015c 00000078H .idata$2                DATA
 0003:000001d4 00000014H .idata$3                DATA
 0003:000001e8 0000015cH .idata$4                DATA
 0003:00000344 0000057aH .idata$6                DATA
 0004:00000000 0000000cH MYDATA                  DATA
 0005:00000000 00000060H .rsrc$01                DATA
 0005:00000060 000002d8H .rsrc$02                DATA

  Address         Publics by Value              Rva+Base       Lib:Object

 0000:00000000       ___guard_longjmp_count     00000000     <absolute>
 0000:00000000       ___guard_flags             00000000     <absolute>
 0000:00000000       ___guard_longjmp_table     00000000     <absolute>
 0000:00000000       ___guard_fids_count        00000000     <absolute>
 0000:00000000       ___guard_iat_table         00000000     <absolute>
 0000:00000000       ___safe_se_handler_table   00000000     <absolute>
 0000:00000000       ___dynamic_value_reloc_table 00000000     <absolute>
 0000:00000000       ___guard_iat_count         00000000     <absolute>
 0000:00000000       ___safe_se_handler_count   00000000     <absolute>
 0000:00000000       ___guard_fids_table        00000000     <absolute>
 0001:00000000       ??_C@_0N@MNCPCBMH@tcdll?4tclock?$AA@ 66041000     dllmain.obj
 0001:0000000d       ??_C@_00CNPNBAHC@?$AA@     6604100d     dllmain.obj
 0001:00000010       ??_C@_0O@PGCDLJDB@TrayNotifyWnd?$AA@ 66041010     dllmain.obj
 0001:00000020       ??_C@_0BA@LKLGCFCE@TrayClockWClass?$AA@ 66041020     dllmain.obj
 0001:00000030       ??_C@_0L@EFALKGHP@tclock?4ini?$AA@ 66041030     dllmain2.obj
 0001:0000003c       ??_C@_0BF@PEMEDCLH@LeftMousePassThrough?$AA@ 6604103c     dllmain2.obj
 0001:00000054       ??_C@_05PEEFLODH@Mouse?$AA@ 66041054     dllmain2.obj
 0001:0000005c       ??_C@_0N@CNCHOONA@UseBackColor?$AA@ 6604105c     draw.obj
 0001:0000006c       ??_C@_09KHCLCNDI@BackColor?$AA@ 6604106c     draw.obj
 0001:00000078       ??_C@_0O@GLIOKBEL@UseBackColor2?$AA@ 66041078     draw.obj
 0001:00000088       ??_C@_0L@MFNFMHMC@BackColor2?$AA@ 66041088     draw.obj
 0001:00000094       ??_C@_07CDBBADKD@GradDir?$AA@ 66041094     draw.obj
 0001:0000009c       ??_C@_08PDLHKBEI@FillTray?$AA@ 6604109c     draw.obj
 0001:000000a8       ??_C@_09IGCMBMDI@ForeColor?$AA@ 660410a8     draw.obj
 0001:000000b4       ??_C@_04IEDBBIIG@Font?$AA@ 660410b4     draw.obj
 0001:000000bc       ??_C@_06JIODDOFH@System?$AA@ 660410bc     draw.obj
 0001:000000c4       ??_C@_08IOPOCEFC@FontSize?$AA@ 660410c4     draw.obj
 0001:000000d0       ??_C@_04DIPHHIHJ@Bold?$AA@ 660410d0     draw.obj
 0001:000000d8       ??_C@_06PPMHIBHB@Italic?$AA@ 660410d8     draw.obj
 0001:000000e0       ??_C@_06BMNFLCFO@Locale?$AA@ 660410e0     draw.obj
 0001:000000e8       ??_C@_07PFIINOMB@TextPos?$AA@ 660410e8     draw.obj
 0001:000000f0       ??_C@_0M@EBADFPAF@ClockHeight?$AA@ 660410f0     draw.obj
 0001:000000fc       ??_C@_0L@ILDHEIDF@ClockWidth?$AA@ 660410fc     draw.obj
 0001:00000108       ??_C@_07BGDGPKNK@VertPos?$AA@ 66041108     draw.obj
 0001:00000110       ??_C@_0L@HJOLEHHD@LineHeight?$AA@ 66041110     draw.obj
 0001:0000011c       ??_C@_08BJCOBMLK@FitClock?$AA@ 6604111c     draw.obj
 0001:00000128       ??_C@_13HOIJIPNN@?$AA?5?$AA?$AA@ 66041128     draw.obj
 0001:0000012c       ??_C@_15HKKJMLKA@?$AA_?$AAm?$AA?$AA@ 6604112c     format.obj
 0001:00000134       ??_C@_15HKBIECK@?$AA_?$AAd?$AA?$AA@ 66041134     format.obj
 0001:0000013c       ??_C@_17MGKOMMCK@?$AAa?$AAa?$AAa?$AA?$AA@ 6604113c     format.obj
 0001:00000144       ??_C@_15ENHHDLJC@?$AA_?$AAh?$AA?$AA@ 66041144     format.obj
 0001:0000014c       ??_C@_15GIBMGEEO@?$AA_?$AAn?$AA?$AA@ 6604114c     format.obj
 0001:00000154       ??_C@_15DKNDCGEA@?$AAt?$AAt?$AA?$AA@ 66041154     format.obj
 0001:0000015c       ??_C@_15OOIIBGOA@?$AA?2?$AAn?$AA?$AA@ 6604115c     format.obj
 0001:00000164       ??_C@_15JLPKBOKD@?$AA?2?$AAx?$AA?$AA@ 66041164     format.obj
 0001:0000016c       ??_C@_15GKMKHBNP@?$AAt?$AAd?$AA?$AA@ 6604116c     format.obj
 0001:00000174       ??_C@_1M@PIPAEEKG@?$AAL?$AAD?$AAA?$AAT?$AAE?$AA?$AA@ 66041174     format.obj
 0001:00000180       ??_C@_19FFMGBAMO@?$AAD?$AAA?$AAT?$AAE?$AA?$AA@ 66041180     format.obj
 0001:0000018c       ??_C@_19IFFENJMA@?$AAT?$AAI?$AAM?$AAE?$AA?$AA@ 6604118c     format.obj
 0001:00000198       ??_C@_17BCNGAOKG@?$AAS?$AAS?$AAS?$AA?$AA@ 66041198     format.obj
 0001:000001a0       ??_C@_19GOPKKDGI@?$AAU?$AAS?$AAT?$AAR?$AA?$AA@ 660411a0     format.obj
 0001:000001ac       ??_C@_06PEPCFMNJ@Format?$AA@ 660411ac     format.obj
 0001:000001b4       ??_C@_15KKGJMGIG@?$AA?$DM?$AA?$CF?$AA?$AA@ 660411b4     format.obj
 0001:000001bc       ??_C@_15JKIEFEL@?$AA?$CF?$AA?$DO?$AA?$AA@ 660411bc     format.obj
 0001:000001c4       ??_C@_17MBGCMIPB@?$AAS?$AAu?$AAn?$AA?$AA@ 660411c4     formattime.obj
 0001:000001cc       ??_C@_17KBOMKBF@?$AAM?$AAo?$AAn?$AA?$AA@ 660411cc     formattime.obj
 0001:000001d4       ??_C@_17BMKGEGOJ@?$AAT?$AAu?$AAe?$AA?$AA@ 660411d4     formattime.obj
 0001:000001dc       ??_C@_17CJEDCEPE@?$AAW?$AAe?$AAd?$AA?$AA@ 660411dc     formattime.obj
 0001:000001e4       ??_C@_17PDPHAADD@?$AAT?$AAh?$AAu?$AA?$AA@ 660411e4     formattime.obj
 0001:000001ec       ??_C@_17HFOLPPLP@?$AAF?$AAr?$AAi?$AA?$AA@ 660411ec     formattime.obj
 0001:000001f4       ??_C@_17GGIBDPIH@?$AAS?$AAa?$AAt?$AA?$AA@ 660411f4     formattime.obj
 0001:000001fc       ??_C@_17DKNBKCHM@?$AAJ?$AAa?$AAn?$AA?$AA@ 660411fc     formattime.obj
 0001:00000204       ??_C@_17LMDJEKJN@?$AAF?$AAe?$AAb?$AA?$AA@ 66041204     formattime.obj
 0001:0000020c       ??_C@_17CKNLEDEC@?$AAM?$AAa?$AAr?$AA?$AA@ 6604120c     formattime.obj
 0001:00000214       ??_C@_17LFPOIHDD@?$AAA?$AAp?$AAr?$AA?$AA@ 66041214     formattime.obj
 0001:0000021c       ??_C@_17PNNKMEED@?$AAM?$AAa?$AAy?$AA?$AA@ 6604121c     formattime.obj
 0001:00000224       ??_C@_17KCJGOCPB@?$AAJ?$AAu?$AAn?$AA?$AA@ 66041224     formattime.obj
 0001:0000022c       ??_C@_17IJPCKHK@?$AAJ?$AAu?$AAl?$AA?$AA@ 6604122c     formattime.obj
 0001:00000234       ??_C@_17ICPELBCN@?$AAA?$AAu?$AAg?$AA?$AA@ 66041234     formattime.obj
 0001:0000023c       ??_C@_17HCHCOKMG@?$AAS?$AAe?$AAp?$AA?$AA@ 6604123c     formattime.obj
 0001:00000244       ??_C@_17FNLKOI@?$AAO?$AAc?$AAt?$AA?$AA@ 66041244     formattime.obj
 0001:0000024c       ??_C@_17BBDMLCIG@?$AAN?$AAo?$AAv?$AA?$AA@ 6604124c     formattime.obj
 0001:00000254       ??_C@_17EGKACKIF@?$AAD?$AAe?$AAc?$AA?$AA@ 66041254     formattime.obj
 0001:0000025c       ??_C@_06NEAIHKGO@Hour12?$AA@ 6604125c     formattime.obj
 0001:00000264       ??_C@_08EGIGLABC@HourZero?$AA@ 66041264     formattime.obj
 0001:00000270       ??_C@_08OJGEJJFE@AMsymbol?$AA@ 66041270     formattime.obj
 0001:0000027c       ??_C@_15ODEHAHHF@?$AAA?$AAM?$AA?$AA@ 6604127c     formattime.obj
 0001:00000284       ??_C@_08FCNPMPGG@PMsymbol?$AA@ 66041284     formattime.obj
 0001:00000290       ??_C@_15CLMNNGEL@?$AAP?$AAM?$AA?$AA@ 66041290     formattime.obj
 0001:00000298       ??_C@_15PNDNKOAE@?$AAg?$AAg?$AA?$AA@ 66041298     formattime.obj
 0001:000002a0       ??_C@_19JPCMAAHP@?$AAy?$AAy?$AAy?$AAy?$AA?$AA@ 660412a0     formattime.obj
 0001:000002ac       ??_C@_0M@JNOOHONI@msimg32?4dll?$AA@ 660412ac     newapi.obj
 0001:000002b8       ??_C@_0N@ILLLDONH@GradientFill?$AA@ 660412b8     newapi.obj
 0001:000002c8       ??_C@_0L@MHHLCNNL@AlphaBlend?$AA@ 660412c8     newapi.obj
 0001:000002d4       ??_C@_0P@NNILFBGL@TransparentBlt?$AA@ 660412d4     newapi.obj
 0001:000002f0       ??_C@_0O@CFCCAJBO@Shell_TrayWnd?$AA@ 660412f0     utl.obj
 0001:00000300       ??_C@_0M@DNDPFODJ@ThemeActive?$AA@ 66041300     utl.obj
 0001:0000030c       ??_C@_0DH@IKJPNPCF@Software?2Microsoft?2Windows?2Curre@ 6604130c     utl.obj
 0001:00000344       ??_C@_01GBGANLPD@0?$AA@    66041344     utl.obj
 0001:00000348       ??_C@_0BI@LKGCGGME@Software?2Kazubon?2TClock?$AA@ 66041348     reg.obj
 0001:00000360       ??_C@_04KGFMLCPK@Main?$AA@ 66041360     reg.obj
 0001:00000368       ??_C@_05BMGBEOOC@?$CFs?2?$CFs?$AA@ 66041368     reg.obj
 0001:00000500       _CallWndProc@12            66041500 f   dllmain.obj
 0001:00000550       _HookEnd@0                 66041550 f   dllmain.obj
 0001:000005a0       _HookStart@4               660415a0 f   dllmain.obj
 0001:00000660       __DllMainCRTStartup@12     66041660 f   dllmain.obj
 0001:00000670       _EndClock                  66041670 f   dllmain2.obj
 0001:00000730       _InitClock                 66041730 f   dllmain2.obj
 0001:000008f0       _LoadSetting               660418f0 f   dllmain2.obj
 0001:00000930       _OnDestroy                 66041930 f   dllmain2.obj
 0001:00000940       _IsVertTaskbar             66041940 f   dllwndproc.obj
 0001:00000ba0       _SubclassProc@24           66041ba0 f   dllwndproc.obj
 0001:00000e30       _SubclassTrayProc@24       66041e30 f   dllwndproc.obj
 0001:00001140       _ClearClockDC              66042140 f   draw.obj
 0001:000011c0       _ClearDrawing              660421c0 f   draw.obj
 0001:00001260       _CreateClockDC             66042260 f   draw.obj
 0001:000019f0       _LoadDrawingSetting        660429f0 f   draw.obj
 0001:00001c00       _OnCalcRect                66042c00 f   draw.obj
 0001:00001c20       _OnPaint                   66042c20 f   draw.obj
 0001:00001c30       _LoadFormatSetting         66042c30 f   format.obj
 0001:00001ca0       _MakeFormat                66042ca0 f   format.obj
 0001:00001cc0       _MakeFormatEx              66042cc0 f   format.obj
 0001:00001ed0       _AMPMHandler               66042ed0 f   formattime.obj
 0001:00001f10       _AltYearHandler            66042f10 f   formattime.obj
 0001:00001fa0       _CRLFHandler               66042fa0 f   formattime.obj
 0001:00001fd0       _CharaHandler              66042fd0 f   formattime.obj
 0001:00002090       _DATEHandler               66043090 f   formattime.obj
 0001:00002110       _DateHandler               66043110 f   formattime.obj
 0001:00002280       _DayOfWeekHandler          66043280 f   formattime.obj
 0001:000022f0       _EraHandler                660432f0 f   formattime.obj
 0001:00002350       _HourHandler               66043350 f   formattime.obj
 0001:00002420       _InitFormatTime            66043420 f   formattime.obj
 0001:000026d0       _LDATEHandler              660436d0 f   formattime.obj
 0001:00002750       _MSecondHandler            66043750 f   formattime.obj
 0001:00002810       _MinuteHandler             66043810 f   formattime.obj
 0001:000028b0       _MonthHandler              660438b0 f   formattime.obj
 0001:00002a20       _SDateHandler              66043a20 f   formattime.obj
 0001:00002a60       _STimeHandler              66043a60 f   formattime.obj
 0001:00002aa0       _SecondHandler             66043aa0 f   formattime.obj
 0001:00002b30       _TIMEHandler               66043b30 f   formattime.obj
 0001:00002bb0       _TimeDifHandler            66043bb0 f   formattime.obj
 0001:00002cc0       _YearHandler               66043cc0 f   formattime.obj
 0001:00002dd0       _InitUserStr               66043dd0 f   userstr.obj
 0001:00002e30       _UStrHandler               66043e30 f   userstr.obj
 0001:00002e80       _EndNewAPI                 66043e80 f   newapi.obj
 0001:00002f20       _MyGradientFill            66043f20 f   newapi.obj
 0001:00002f60       _CopyParentSurface         66043f60 f   dllutl.obj
 0001:00003040       _CreateOffScreenDC         66044040 f   dllutl.obj
 0001:000030b0       _CheckWinVersion           660440b0 f   utl.obj
 0001:00003190       _GetTaskbarWindow          66044190 f   utl.obj
 0001:000031b0       _IsVistaAero               660441b0 f   utl.obj
 0001:000031d0       _IsXPVisualStyle           660441d0 f   utl.obj
 0001:00003240       _add_title                 66044240 f   utl.obj
 0001:000032d0       _del_title                 660442d0 f   utl.obj
 0001:00003310       _GetMyRegLong              66044310 f   reg.obj
 0001:000033a0       _GetMyRegStr               660443a0 f   reg.obj
 0001:00003440       _GetMyRegStrW              66044440 f   reg.obj
 0001:000034b0       _GetRegLong                660444b0 f   reg.obj
 0001:00003520       _GetRegStr                 66044520 f   reg.obj
 0001:000035c0       _CreateMyFont              660445c0 f   font.obj
 0001:00003750       _GetDefaultFontName        66044750 f   font.obj
 0001:000037f0       _GetCodePage               660447f0 f   localeinfo.obj
 0001:00003840       _MyGetDateFormatW          66044840 f   localeinfo.obj
 0001:00003870       _MyGetLocaleInfoW          66044870 f   localeinfo.obj
 0001:00003890       _MyGetTimeFormatW          66044890 f   localeinfo.obj
 0001:000038c0       _memset                    660448c0 f   nodeflib.obj
 0001:000038f0       _r__wtoi                   660448f0 f   nodeflib.obj
 0001:00003930       _r_wcscat                  66044930 f   nodeflib.obj
 0001:00003980       _r_wcscpy                  66044980 f   nodeflib.obj
 0001:000039c0       _r_wcslen                  660449c0 f   nodeflib.obj
 0001:000039e0       _r_wcsncmp                 660449e0 f   nodeflib.obj
 0001:00003a22       _SetWindowSubclass@16      66044a22 f   comctl32:COMCTL32.dll
 0001:00003a28       _RemoveWindowSubclass@12   66044a28 f   comctl32:COMCTL32.dll
 0001:00003a2e       _DefSubclassProc@16        66044a2e f   comctl32:COMCTL32.dll
 0002:00000008       _format_handers            66045008     format.obj
 0002:00000180       _g_bInitClock              66045180     dllmain2.obj
 0002:00000188       _g_bDispSecond             66045188     dllwndproc.obj
 0002:0000018c       _g_nBlink                  6604518c     dllwndproc.obj
 0002:00000190       _m_nBlinkSec               66045190     dllwndproc.obj
 0002:00000194       _m_nBlinkTick              66045194     dllwndproc.obj
 0002:000001a8       _g_bFitClock               660451a8     draw.obj
 0002:00000a98       _g_sdisp1                  66045a98     userstr.obj
 0002:00000af0       _g_sdisp2                  66045af0     userstr.obj
 0002:00000b48       _g_scat1                   66045b48     userstr.obj
 0002:00000ba0       _g_scat2                   66045ba0     userstr.obj
 0002:00000c20       _g_userstr                 66045c20     <common>
 0002:00000f54       _g_bLMousePassThru         66045f54     <common>
 0002:00000f58       _g_bTaskbarPosChanging     66045f58     <common>
 0002:00000f5c       _g_bVertTaskbar            66045f5c     <common>
 0002:00000f60       _g_OrigClockHeight         66045f60     <common>
 0002:00000f64       _g_OrigClockWidth          66045f64     <common>
 0002:00000f68       _g_bVisualStyle            66045f68     <common>
 0002:00000f6c       _g_winver                  66045f6c     <common>
 0002:00000f80       _g_mydir                   66045f80     <common>
 0002:000010a0       _g_inifile                 660460a0     <common>
 0002:000011a4       _g_bIniSetting             660461a4     <common>
 0002:000011a8       _g_hInst                   660461a8     <common>
 0003:00000000       __imp__RegCloseKey@4       66047000     advapi32:ADVAPI32.dll
 0003:00000004       __imp__RegOpenKeyA@12      66047004     advapi32:ADVAPI32.dll
 0003:00000008       __imp__RegQueryValueExA@24 66047008     advapi32:ADVAPI32.dll
 0003:0000000c       \177ADVAPI32_NULL_THUNK_DATA 6604700c     advapi32:ADVAPI32.dll
 0003:00000010       __imp__SetWindowSubclass@16 66047010     comctl32:COMCTL32.dll
 0003:00000014       __imp__RemoveWindowSubclass@12 66047014     comctl32:COMCTL32.dll
 0003:00000018       __imp__DefSubclassProc@16  66047018     comctl32:COMCTL32.dll
 0003:0000001c       \177COMCTL32_NULL_THUNK_DATA 6604701c     comctl32:COMCTL32.dll
 0003:00000020       __imp__BitBlt@36           66047020     gdi32:GDI32.dll
 0003:00000024       __imp__DeleteDC@4          66047024     gdi32:GDI32.dll
 0003:00000028       __imp__DeleteObject@4      66047028     gdi32:GDI32.dll
 0003:0000002c       __imp__GetStockObject@4    6604702c     gdi32:GDI32.dll
 0003:00000030       __imp__GetTextExtentPoint32W@16 66047030     gdi32:GDI32.dll
 0003:00000034       __imp__SelectObject@8      66047034     gdi32:GDI32.dll
 0003:00000038       __imp__SetBkMode@8         66047038     gdi32:GDI32.dll
 0003:0000003c       __imp__SetTextColor@8      6604703c     gdi32:GDI32.dll
 0003:00000040       __imp__SetTextAlign@8      66047040     gdi32:GDI32.dll
 0003:00000044       __imp__GetTextMetricsA@8   66047044     gdi32:GDI32.dll
 0003:00000048       __imp__TextOutW@20         66047048     gdi32:GDI32.dll
 0003:0000004c       __imp__CreateCompatibleBitmap@12 6604704c     gdi32:GDI32.dll
 0003:00000050       __imp__CreateCompatibleDC@4 66047050     gdi32:GDI32.dll
 0003:00000054       __imp__CreateFontIndirectA@4 66047054     gdi32:GDI32.dll
 0003:00000058       __imp__EnumFontFamiliesExA@20 66047058     gdi32:GDI32.dll
 0003:0000005c       __imp__GetDeviceCaps@8     6604705c     gdi32:GDI32.dll
 0003:00000060       __imp__GetTextCharset@4    66047060     gdi32:GDI32.dll
 0003:00000064       __imp__CreateSolidBrush@4  66047064     gdi32:GDI32.dll
 0003:00000068       \177GDI32_NULL_THUNK_DATA  66047068     gdi32:GDI32.dll
 0003:0000006c       __imp__GetProcessHeap@0    6604706c     kernel32:KERNEL32.dll
 0003:00000070       __imp__HeapFree@12         66047070     kernel32:KERNEL32.dll
 0003:00000074       __imp__SystemTimeToFileTime@8 66047074     kernel32:KERNEL32.dll
 0003:00000078       __imp__FileTimeToSystemTime@8 66047078     kernel32:KERNEL32.dll
 0003:0000007c       __imp__GetUserDefaultLangID@0 6604707c     kernel32:KERNEL32.dll
 0003:00000080       __imp__GetLocalTime@4      66047080     kernel32:KERNEL32.dll
 0003:00000084       __imp__GetModuleFileNameA@12 66047084     kernel32:KERNEL32.dll
 0003:00000088       __imp__GetLocaleInfoW@16   66047088     kernel32:KERNEL32.dll
 0003:0000008c       __imp__IsValidCodePage@4   6604708c     kernel32:KERNEL32.dll
 0003:00000090       __imp__GetTimeFormatW@24   66047090     kernel32:KERNEL32.dll
 0003:00000094       __imp__GetDateFormatW@24   66047094     kernel32:KERNEL32.dll
 0003:00000098       __imp__MulDiv@12           66047098     kernel32:KERNEL32.dll
 0003:0000009c       __imp__MultiByteToWideChar@24 6604709c     kernel32:KERNEL32.dll
 0003:000000a0       __imp__GetPrivateProfileStringA@24 660470a0     kernel32:KERNEL32.dll
 0003:000000a4       __imp__GetPrivateProfileIntA@16 660470a4     kernel32:KERNEL32.dll
 0003:000000a8       __imp__GetModuleHandleA@4  660470a8     kernel32:KERNEL32.dll
 0003:000000ac       __imp__GetVersion@0        660470ac     kernel32:KERNEL32.dll
 0003:000000b0       __imp__LoadLibraryA@4      660470b0     kernel32:KERNEL32.dll
 0003:000000b4       __imp__GetProcAddress@8    660470b4     kernel32:KERNEL32.dll
 0003:000000b8       __imp__FreeLibrary@4       660470b8     kernel32:KERNEL32.dll
 0003:000000bc       __imp__HeapAlloc@12        660470bc     kernel32:KERNEL32.dll
 0003:000000c0       \177KERNEL32_NULL_THUNK_DATA 660470c0     kernel32:KERNEL32.dll
 0003:000000c4       __imp__CharNextA@4         660470c4     user32:USER32.dll
 0003:000000c8       __imp__FindWindowA@8       660470c8     user32:USER32.dll
 0003:000000cc       __imp__wsprintfA           660470cc     user32:USER32.dll
 0003:000000d0       __imp__SystemParametersInfoA@16 660470d0     user32:USER32.dll
 0003:000000d4       __imp__GetWindowLongA@8    660470d4     user32:USER32.dll
 0003:000000d8       __imp__FillRect@12         660470d8     user32:USER32.dll
 0003:000000dc       __imp__DrawFocusRect@8     660470dc     user32:USER32.dll
 0003:000000e0       __imp__GetSysColor@4       660470e0     user32:USER32.dll
 0003:000000e4       __imp__ScreenToClient@8    660470e4     user32:USER32.dll
 0003:000000e8       __imp__GetClientRect@8     660470e8     user32:USER32.dll
 0003:000000ec       __imp__GetFocus@0          660470ec     user32:USER32.dll
 0003:000000f0       __imp__EndPaint@8          660470f0     user32:USER32.dll
 0003:000000f4       __imp__BeginPaint@8        660470f4     user32:USER32.dll
 0003:000000f8       __imp__ReleaseDC@8         660470f8     user32:USER32.dll
 0003:000000fc       __imp__GetDC@4             660470fc     user32:USER32.dll
 0003:00000100       __imp__IsWindowVisible@4   66047100     user32:USER32.dll
 0003:00000104       __imp__SetWindowPos@28     66047104     user32:USER32.dll
 0003:00000108       __imp__DefWindowProcA@16   66047108     user32:USER32.dll
 0003:0000010c       __imp__GetParent@4         6604710c     user32:USER32.dll
 0003:00000110       __imp__SetClassLongA@12    66047110     user32:USER32.dll
 0003:00000114       __imp__GetClassLongA@8     66047114     user32:USER32.dll
 0003:00000118       __imp__GetWindowRect@8     66047118     user32:USER32.dll
 0003:0000011c       __imp__InvalidateRect@12   6604711c     user32:USER32.dll
 0003:00000120       __imp__KillTimer@8         66047120     user32:USER32.dll
 0003:00000124       __imp__SetTimer@16         66047124     user32:USER32.dll
 0003:00000128       __imp__CallNextHookEx@16   66047128     user32:USER32.dll
 0003:0000012c       __imp__UnhookWindowsHookEx@4 6604712c     user32:USER32.dll
 0003:00000130       __imp__SetWindowsHookExA@16 66047130     user32:USER32.dll
 0003:00000134       __imp__GetWindowThreadProcessId@8 66047134     user32:USER32.dll
 0003:00000138       __imp__FindWindowExA@16    66047138     user32:USER32.dll
 0003:0000013c       __imp__MapWindowPoints@16  6604713c     user32:USER32.dll
 0003:00000140       __imp__IsWindow@4          66047140     user32:USER32.dll
 0003:00000144       __imp__PostMessageA@16     66047144     user32:USER32.dll
 0003:00000148       __imp__SendMessageA@16     66047148     user32:USER32.dll
 0003:0000014c       __imp__GetWindow@8         6604714c     user32:USER32.dll
 0003:00000150       \177USER32_NULL_THUNK_DATA 66047150     user32:USER32.dll
 0003:00000154       __imp__DwmIsCompositionEnabled@4 66047154     dwmapi:dwmapi.dll
 0003:00000158       \177dwmapi_NULL_THUNK_DATA 66047158     dwmapi:dwmapi.dll
 0003:0000015c       __IMPORT_DESCRIPTOR_KERNEL32 6604715c     kernel32:KERNEL32.dll
 0003:00000170       __IMPORT_DESCRIPTOR_USER32 66047170     user32:USER32.dll
 0003:00000184       __IMPORT_DESCRIPTOR_GDI32  66047184     gdi32:GDI32.dll
 0003:00000198       __IMPORT_DESCRIPTOR_ADVAPI32 66047198     advapi32:ADVAPI32.dll
 0003:000001ac       __IMPORT_DESCRIPTOR_COMCTL32 660471ac     comctl32:COMCTL32.dll
 0003:000001c0       __IMPORT_DESCRIPTOR_dwmapi 660471c0     dwmapi:dwmapi.dll
 0003:000001d4       __NULL_IMPORT_DESCRIPTOR   660471d4     kernel32:KERNEL32.dll
 0004:00000000       _g_hhook                   66048000     dllmain.obj
 0004:00000004       _g_hwndTClockMain          66048004     dllmain.obj
 0004:00000008       _g_hwndClock               66048008     dllmain.obj

 entry point at        0001:00000660

 Static symbols

 0003:ffff9000       .idata$6                   66040000     shell32:SHELL32.dll
 0001:000002e4       _c_DwmMaxQueuedBuffers     660412e4     utl.obj
 0001:000002e8       _c_DwmMaxMonitors          660412e8     utl.obj
 0001:000002ec       _c_DwmMaxAdapters          660412ec     utl.obj
 0001:00000370       _m_codepage_charset        66041370     font.obj
 0001:00000970       _OnRefreshClock            66041970 f   dllwndproc.obj
 0001:000009c0       _OnTimerMain               660419c0 f   dllwndproc.obj
 0001:00000a40       _OnWindowPosChanging       66041a40 f   dllwndproc.obj
 0001:00000a90       _RearrangeNotifyArea       66041a90 f   dllwndproc.obj
 0001:00000d7c       $LN28                      66041d7c     dllwndproc.obj
 0001:00000da0       $LN25                      66041da0     dllwndproc.obj
 0001:00000f50       _CalcRect                  66041f50 f   draw.obj
 0001:000011e0       _CopyClockBack             660421e0 f   draw.obj
 0001:00001390       _DrawClock                 66042390 f   draw.obj
 0001:00001780       _FillClock                 66042780 f   draw.obj
 0001:00001870       _GetClockTextSize          66042870 f   draw.obj
 0001:00001920       _GradientFillClock         66042920 f   draw.obj
 0001:00002ec0       _InitMsimg32               66043ec0 f   newapi.obj
 0001:00003700       _EnumFontFamExProc@16      66044700 f   font.obj
 0001:00003a40       .edata                     66044a40     tcdll.exp
 0001:00003a68       rgpv                       66044a68     tcdll.exp
 0001:00003a70       rgszName                   66044a70     tcdll.exp
 0001:00003a78       rgwOrd                     66044a78     tcdll.exp
 0001:00003a7c       szName                     66044a7c     tcdll.exp
 0001:00003a89       $N00001                    66044a89     tcdll.exp
 0001:00003a91       $N00002                    66044a91     tcdll.exp
 0002:00000000       _m_fillbackcolor           66045000     draw.obj
 0002:00000004       _m_ClockWidth              66045004     draw.obj
 0002:00000128       _m_DayOfWeekEng            66045128     formattime.obj
 0002:00000144       _m_MonthEng                66045144     formattime.obj
 0002:00000174       _m_mykey                   66045174     reg.obj
 0002:00000184       ?bEndClock@?1??EndClock@@9@9 66045184     dllmain2.obj
 0002:00000198       ?LastTime@?1??OnTimerMain@@9@9 66045198     dllwndproc.obj
 0002:000001ac       _m_hdcClock                660451ac     draw.obj
 0002:000001b0       _m_hbmpClock               660451b0     draw.obj
 0002:000001b4       _m_hdcClockBack            660451b4     draw.obj
 0002:000001b8       _m_hbmpClockBack           660451b8     draw.obj
 0002:000001bc       _m_hFont                   660451bc     draw.obj
 0002:000001c0       _m_grad                    660451c0     draw.obj
 0002:000001c4       _m_dwidth                  660451c4     draw.obj
 0002:000001c8       _m_dheight                 660451c8     draw.obj
 0002:000001cc       _m_dvpos                   660451cc     draw.obj
 0002:000001d0       _m_dlineheight             660451d0     draw.obj
 0002:000001d4       _m_nTextPos                660451d4     draw.obj
 0002:000001d8       _m_colback                 660451d8     draw.obj
 0002:000001dc       _m_colback2                660451dc     draw.obj
 0002:000001e0       _m_colfore                 660451e0     draw.obj
 0002:000001e4       _m_bFillTray               660451e4     draw.obj
 0002:000001e8       _m_format                  660451e8     format.obj
 0002:000003e8       _m_bHour12                 660453e8     formattime.obj
 0002:000003ec       _m_bHourZero               660453ec     formattime.obj
 0002:000003f0       _m_DayOfWeekShort          660453f0     formattime.obj
 0002:00000490       _m_DayOfWeekLong           66045490     formattime.obj
 0002:00000644       _m_SDate                   66045644     formattime.obj
 0002:00000650       _m_MonthShort              66045650     formattime.obj
 0002:00000758       _m_MonthLong               66045758     formattime.obj
 0002:00000a40       _m_AM                      66045a40     formattime.obj
 0002:00000a58       _m_PM                      66045a58     formattime.obj
 0002:00000a70       _m_STime                   66045a70     formattime.obj
 0002:00000a7c       _m_EraStr                  66045a7c     formattime.obj
 0002:00000a94       _m_AltYear                 66045a94     formattime.obj
 0002:00000bf4       _m_hmodMSIMG32             66045bf4     newapi.obj
 0002:00000bf8       _m_pGradientFill           66045bf8     newapi.obj
 0002:00000bfc       _m_pAlphaBlend             66045bfc     newapi.obj
 0002:00000c00       _m_pTransparentBlt         66045c00     newapi.obj
 0003:000004ca       .idata$6                   660474ca     kernel32:KERNEL32.dll
 0003:000006fa       .idata$6                   660476fa     user32:USER32.dll
 0003:00000842       .idata$6                   66047842     gdi32:GDI32.dll
 0003:0000087c       .idata$6                   6604787c     advapi32:ADVAPI32.dll
 0003:0000088a       .idata$6                   6604788a     comctl32:COMCTL32.dll
 0003:000008b2       .idata$6                   660478b2     dwmapi:dwmapi.dll
 0005:00000060       $R000000                   66049060     tcdll.res
