 tclock

 Timestamp is 5876aa53 (Thu Jan 12 06:57:39 2017)

 Preferred load address is 00400000

 Start         Length     Name                   Class
 0001:00000000 0000022cH .rdata                  CODE
 0001:0000022c 000000f4H .rdata$zzzdbg           CODE
 0001:00000320 000011b2H .text$mn                CODE
 0001:000014d2 00000000H .edata                  CODE
 0002:00000000 00000020H .data                   DATA
 0002:00000020 00000268H .bss                    DATA
 0003:00000000 000000d0H .idata$5                DATA
 0003:000000d0 00000064H .idata$2                DATA
 0003:00000134 00000014H .idata$3                DATA
 0003:00000148 000000d0H .idata$4                DATA
 0003:00000218 0000037aH .idata$6                DATA
 0004:00000000 000001d0H .rsrc$01                DATA
 0004:000001d0 00000d58H .rsrc$02                DATA

  Address         Publics by Value              Rva+Base       Lib:Object

 0000:00000000       ___guard_fids_count        00000000     <absolute>
 0000:00000000       ___guard_longjmp_count     00000000     <absolute>
 0000:00000000       ___guard_longjmp_table     00000000     <absolute>
 0000:00000000       ___guard_flags             00000000     <absolute>
 0000:00000000       ___guard_iat_table         00000000     <absolute>
 0000:00000000       ___guard_iat_count         00000000     <absolute>
 0000:00000000       ___safe_se_handler_table   00000000     <absolute>
 0000:00000000       ___dynamic_value_reloc_table 00000000     <absolute>
 0000:00000000       ___guard_fids_table        00000000     <absolute>
 0000:00000000       ___safe_se_handler_count   00000000     <absolute>
 0001:00000000       ??_C@_06MPNKCPOL@TClock?$AA@ 00401000     main2.obj
 0001:00000008       ??_C@_0BI@NKHNEFBI@Please?5use?5x64?5version?4?$AA@ 00401008     main2.obj
 0001:00000020       ??_C@_0BC@LEPLIHNJ@ObjectBar?5Toolbar?$AA@ 00401020     main2.obj
 0001:00000034       ??_C@_0BF@LCGHGKHE@ObjectBar?5is?5running?$AA@ 00401034     main2.obj
 0001:0000004c       ??_C@_0BA@EHHIIEKN@TClockMainClass?$AA@ 0040104c     main2.obj
 0001:0000005c       ??_C@_07DJELJCDE@ExePath?$AA@ 0040105c     main2.obj
 0001:00000064       ??_C@_0L@EFALKGHP@tclock?4ini?$AA@ 00401064     main2.obj
 0001:00000070       ??_C@_0O@EAGJDNCB@OnContextMenu?$AA@ 00401070     main2.obj
 0001:00000080       ??_C@_0DH@IKJPNPCF@Software?2Microsoft?2Windows?2Curre@ 00401080     main2.obj
 0001:000000b7       ??_C@_00CNPNBAHC@?$AA@     004010b7     main2.obj
 0001:000000b8       ??_C@_09IGCMBMDI@ForeColor?$AA@ 004010b8     main2.obj
 0001:000000c4       ??_C@_07DIPGLEOO@DllName?$AA@ 004010c4     main2.obj
 0001:000000cc       ??_C@_0P@OOOCDJMK@?2luna?4msstyles?$AA@ 004010cc     main2.obj
 0001:000000dc       ??_C@_0P@HLBPBMOI@?2Aero?4msstyles?$AA@ 004010dc     main2.obj
 0001:000000ec       ??_C@_09GKKOPBLC@ColorName?$AA@ 004010ec     main2.obj
 0001:000000f8       ??_C@_0M@CMEPMNOO@NormalColor?$AA@ 004010f8     main2.obj
 0001:00000104       ??_C@_06PEPCFMNJ@Format?$AA@ 00401104     main2.obj
 0001:0000010c       ??_C@_06BMNFLCFO@Locale?$AA@ 0040110c     main2.obj
 0001:00000114       ??_C@_0O@PGCDLJDB@TrayNotifyWnd?$AA@ 00401114     main2.obj
 0001:00000124       ??_C@_05NAOIJFC@Error?$AA@ 00401124     main2.obj
 0001:0000012c       ??_C@_0BI@GMONAAJH@Can?8t?5save?5the?5settings?$AA@ 0040112c     main2.obj
 0001:00000144       ??_C@_06GMKBCDMM@Kaigyo?$AA@ 00401144     main2.obj
 0001:00000150       __xmm@00000000000000060000000000000000 00401150     main2.obj
 0001:00000160       __xmm@00000001000000010000000100000001 00401160     main2.obj
 0001:00000170       ??_C@_0P@HDDEAF@TaskbarCreated?$AA@ 00401170     wndproc.obj
 0001:00000180       ??_C@_0P@FLPIFOIN@TaskbarRestart?$AA@ 00401180     wndproc.obj
 0001:0000019c       ??_C@_0O@CFCCAJBO@Shell_TrayWnd?$AA@ 0040119c     utl.obj
 0001:000001ac       ??_C@_0BI@LKGCGGME@Software?2Kazubon?2TClock?$AA@ 004011ac     reg.obj
 0001:000001c4       ??_C@_04KGFMLCPK@Main?$AA@ 004011c4     reg.obj
 0001:000001cc       ??_C@_05BMGBEOOC@?$CFs?2?$CFs?$AA@ 004011cc     reg.obj
 0001:000001d4       ??_C@_01BJJEKLCA@?$CC?$AA@ 004011d4     reg.obj
 0001:000001d8       ??_C@_02DPKJAMEF@?$CFd?$AA@ 004011d8     reg.obj
 0001:000001dc       ??_C@_0BO@MPGFGJLC@_h?3nn?3ss?4SSS?2nddd?2nyyyy?1mm?1dd?$AA@ 004011dc     autoformat.obj
 0001:00000200       __xmm@00000000000000120000001100000004 00401200     autoformat.obj
 0001:00000320       _WinMainCRTStartup         00401320 f   main.obj
 0001:00000340       _r__wtoi                   00401340 f   nodeflib.obj
 0001:00000380       _r_atoi                    00401380 f   nodeflib.obj
 0001:00000810       _TClockExeMain             00401810 f   main2.obj
 0001:00000b40       _WndProc@16                00401b40 f   wndproc.obj
 0001:00000be0       _CheckWinVersion           00401be0 f   utl.obj
 0001:00000cc0       _GetTClockMainWindow       00401cc0 f   utl.obj
 0001:00000ce0       _GetTaskbarWindow          00401ce0 f   utl.obj
 0001:00000d00       _add_title                 00401d00 f   utl.obj
 0001:00000d90       _del_title                 00401d90 f   utl.obj
 0001:00000dd0       _DelMyRegKey               00401dd0 f   reg.obj
 0001:00000e60       _GetMyRegLong              00401e60 f   reg.obj
 0001:00000ef0       _GetMyRegStr               00401ef0 f   reg.obj
 0001:00000f90       _GetRegLong                00401f90 f   reg.obj
 0001:00001000       _GetRegStr                 00402000 f   reg.obj
 0001:000010a0       _SetMyRegLong              004020a0 f   reg.obj
 0001:00001180       _SetMyRegStr               00402180 f   reg.obj
 0001:00001330       _AutoFormat                00402330 f   autoformat.obj
 0001:00001360       _InitAutoFormat            00402360 f   autoformat.obj
 0001:00001430       _GetCodePage               00402430 f   localeinfo.obj
 0001:00001480       _MyGetLocaleInfoA          00402480 f   localeinfo.obj
 0001:000014a0       _MyGetLocaleInfoW          004024a0 f   localeinfo.obj
 0001:000014c0       _HookStart@4               004024c0 f   TCDLL:tcdll.tclock
 0001:000014c6       _HookEnd@0                 004024c6 f   TCDLL:tcdll.tclock
 0001:000014cc       _ImmDisableIME@4           004024cc f   imm32:IMM32.dll
 0002:00000020       _g_bIniSetting             00403020     main2.obj
 0002:00000024       _g_hwndClock               00403024     wndproc.obj
 0002:0000005c       _g_winver                  0040305c     <common>
 0002:00000060       _g_inifile                 00403060     <common>
 0002:00000180       _g_mydir                   00403180     <common>
 0002:00000284       _g_hInst                   00403284     <common>
 0003:00000000       __imp__RegSetValueExA@24   00404000     advapi32:ADVAPI32.dll
 0003:00000004       __imp__RegCreateKeyA@12    00404004     advapi32:ADVAPI32.dll
 0003:00000008       __imp__RegQueryValueExA@24 00404008     advapi32:ADVAPI32.dll
 0003:0000000c       __imp__RegOpenKeyA@12      0040400c     advapi32:ADVAPI32.dll
 0003:00000010       __imp__RegDeleteKeyA@8     00404010     advapi32:ADVAPI32.dll
 0003:00000014       __imp__RegCloseKey@4       00404014     advapi32:ADVAPI32.dll
 0003:00000018       \177ADVAPI32_NULL_THUNK_DATA 00404018     advapi32:ADVAPI32.dll
 0003:0000001c       __imp__ImmDisableIME@4     0040401c     imm32:IMM32.dll
 0003:00000020       \177IMM32_NULL_THUNK_DATA  00404020     imm32:IMM32.dll
 0003:00000024       __imp__GetVersion@0        00404024     kernel32:KERNEL32.dll
 0003:00000028       __imp__HeapAlloc@12        00404028     kernel32:KERNEL32.dll
 0003:0000002c       __imp__HeapFree@12         0040402c     kernel32:KERNEL32.dll
 0003:00000030       __imp__GetProcessHeap@0    00404030     kernel32:KERNEL32.dll
 0003:00000034       __imp__GetPrivateProfileIntA@16 00404034     kernel32:KERNEL32.dll
 0003:00000038       __imp__GetPrivateProfileStringA@24 00404038     kernel32:KERNEL32.dll
 0003:0000003c       __imp__WritePrivateProfileStringA@16 0040403c     kernel32:KERNEL32.dll
 0003:00000040       __imp__WritePrivateProfileSectionA@12 00404040     kernel32:KERNEL32.dll
 0003:00000044       __imp__IsValidCodePage@4   00404044     kernel32:KERNEL32.dll
 0003:00000048       __imp__GetLocaleInfoW@16   00404048     kernel32:KERNEL32.dll
 0003:0000004c       __imp__GetLocaleInfoA@16   0040404c     kernel32:KERNEL32.dll
 0003:00000050       __imp__ExitProcess@4       00404050     kernel32:KERNEL32.dll
 0003:00000054       __imp__GetModuleHandleA@4  00404054     kernel32:KERNEL32.dll
 0003:00000058       __imp__GetCurrentProcess@0 00404058     kernel32:KERNEL32.dll
 0003:0000005c       __imp__IsWow64Process@8    0040405c     kernel32:KERNEL32.dll
 0003:00000060       __imp__GetUserDefaultLangID@0 00404060     kernel32:KERNEL32.dll
 0003:00000064       __imp__GetModuleFileNameA@12 00404064     kernel32:KERNEL32.dll
 0003:00000068       __imp__lstrcmpiA@8         00404068     kernel32:KERNEL32.dll
 0003:0000006c       \177KERNEL32_NULL_THUNK_DATA 0040406c     kernel32:KERNEL32.dll
 0003:00000070       __imp__MessageBoxA@16      00404070     user32:USER32.dll
 0003:00000074       __imp__FindWindowExA@16    00404074     user32:USER32.dll
 0003:00000078       __imp__ChangeWindowMessageFilter@8 00404078     user32:USER32.dll
 0003:0000007c       __imp__RegisterWindowMessageA@4 0040407c     user32:USER32.dll
 0003:00000080       __imp__PostMessageA@16     00404080     user32:USER32.dll
 0003:00000084       __imp__DefWindowProcA@16   00404084     user32:USER32.dll
 0003:00000088       __imp__PostQuitMessage@4   00404088     user32:USER32.dll
 0003:0000008c       __imp__SetTimer@16         0040408c     user32:USER32.dll
 0003:00000090       __imp__KillTimer@8         00404090     user32:USER32.dll
 0003:00000094       __imp__CharNextA@4         00404094     user32:USER32.dll
 0003:00000098       __imp__wsprintfA           00404098     user32:USER32.dll
 0003:0000009c       __imp__ShowWindow@8        0040409c     user32:USER32.dll
 0003:000000a0       __imp__CreateWindowExA@48  004040a0     user32:USER32.dll
 0003:000000a4       __imp__RegisterClassA@4    004040a4     user32:USER32.dll
 0003:000000a8       __imp__DispatchMessageA@4  004040a8     user32:USER32.dll
 0003:000000ac       __imp__TranslateMessage@4  004040ac     user32:USER32.dll
 0003:000000b0       __imp__GetMessageA@16      004040b0     user32:USER32.dll
 0003:000000b4       __imp__FindWindowA@8       004040b4     user32:USER32.dll
 0003:000000b8       __imp__UnregisterClassA@8  004040b8     user32:USER32.dll
 0003:000000bc       __imp__GetClientRect@8     004040bc     user32:USER32.dll
 0003:000000c0       \177USER32_NULL_THUNK_DATA 004040c0     user32:USER32.dll
 0003:000000c4       __imp__HookEnd@0           004040c4     TCDLL:tcdll.tclock
 0003:000000c8       __imp__HookStart@4         004040c8     TCDLL:tcdll.tclock
 0003:000000cc       \177tcdll_NULL_THUNK_DATA  004040cc     TCDLL:tcdll.tclock
 0003:000000d0       __IMPORT_DESCRIPTOR_tcdll  004040d0     TCDLL:tcdll.tclock
 0003:000000e4       __IMPORT_DESCRIPTOR_KERNEL32 004040e4     kernel32:KERNEL32.dll
 0003:000000f8       __IMPORT_DESCRIPTOR_USER32 004040f8     user32:USER32.dll
 0003:0000010c       __IMPORT_DESCRIPTOR_ADVAPI32 0040410c     advapi32:ADVAPI32.dll
 0003:00000120       __IMPORT_DESCRIPTOR_IMM32  00404120     imm32:IMM32.dll
 0003:00000134       __NULL_IMPORT_DESCRIPTOR   00404134     TCDLL:tcdll.tclock

 entry point at        0001:00000320

 Static symbols

 0003:ffffc000       .idata$6                   00400000     shell32:SHELL32.dll
 0003:ffffc000       .idata$6                   00400000     dwmapi:dwmapi.dll
 0001:00000190       _c_DwmMaxQueuedBuffers     00401190     utl.obj
 0001:00000194       _c_DwmMaxMonitors          00401194     utl.obj
 0001:00000198       _c_DwmMaxAdapters          00401198     utl.obj
 0001:000003d0       _AddMessageFilters         004013d0 f   main2.obj
 0001:000004b0       _InitFormat                004014b0 f   main2.obj
 0001:00000640       _InitTClockMain            00401640 f   main2.obj
 0001:000006d0       _InitTextColor             004016d0 f   main2.obj
 0001:00000990       _ClearTClockMain           00401990 f   wndproc.obj
 0001:000009e0       _OnCreate                  004019e0 f   wndproc.obj
 0001:00000a30       _OnDestroy                 00401a30 f   wndproc.obj
 0001:00000a90       _OnTaskbarRestart          00401a90 f   wndproc.obj
 0001:00000b00       _OnTimerStart              00401b00 f   wndproc.obj
 0002:00000000       _m_mykey                   00403000     reg.obj
 0002:00000028       _m_bHook                   00403028     wndproc.obj
 0002:0000002c       _m_bStartTimer             0040302c     wndproc.obj
 0002:00000030       ?bCleared@?1??ClearTClockMain@@9@9 00403030     wndproc.obj
 0002:00000034       _m_uTaskbarRestart         00403034     wndproc.obj
 0002:00000038       _m_idate                   00403038     autoformat.obj
 0002:0000003c       _m_sMon                    0040303c     autoformat.obj
 0002:00000054       _m_bDayOfWeekIsLast        00403054     autoformat.obj
 0002:00000058       _m_bTimeMarkerIsFirst      00403058     autoformat.obj
 0003:0000022e       .idata$6                   0040422e     TCDLL:tcdll.tclock
 0003:0000039c       .idata$6                   0040439c     kernel32:KERNEL32.dll
 0003:000004fc       .idata$6                   004044fc     user32:USER32.dll
 0003:0000056a       .idata$6                   0040456a     advapi32:ADVAPI32.dll
 0003:00000588       .idata$6                   00404588     imm32:IMM32.dll
 0004:000001d0       $R000000                   004051d0     tclock.res
 0004:00000488       $R0002B8                   00405488     tclock.res
 0004:00000768       $R000598                   00405768     tclock.res
 0004:00000a50       $R000880                   00405a50     tclock.res
 0004:00000b78       $R0009A8                   00405b78     tclock.res
 0004:00000ba0       $R0009D0                   00405ba0     tclock.res
