 tclock

 Timestamp is 5876f8a8 (Thu Jan 12 12:31:52 2017)

 Preferred load address is 0000000140000000

 Start         Length     Name                   Class
 0001:00000000 0000022cH .rdata                  CODE
 0001:0000022c 00000114H .rdata$zzzdbg           CODE
 0001:00000340 000014e8H .text$mn                CODE
 0001:00001828 000001ccH .xdata                  CODE
 0001:000019f4 00000000H .edata                  CODE
 0002:00000000 00000020H .data                   DATA
 0002:00000020 00000290H .bss                    DATA
 0003:00000000 00000198H .pdata                  DATA
 0004:00000000 00000190H .idata$5                DATA
 0004:00000190 00000064H .idata$2                DATA
 0004:000001f4 00000014H .idata$3                DATA
 0004:00000208 00000190H .idata$4                DATA
 0004:00000398 00000354H .idata$6                DATA
 0005:00000000 000001d0H .rsrc$01                DATA
 0005:000001d0 00000d58H .rsrc$02                DATA

  Address         Publics by Value              Rva+Base               Lib:Object

 0000:00000000       __dynamic_value_reloc_table 0000000000000000     <absolute>
 0000:00000000       __guard_iat_table          0000000000000000     <absolute>
 0000:00000000       __guard_iat_count          0000000000000000     <absolute>
 0000:00000000       __guard_longjmp_table      0000000000000000     <absolute>
 0000:00000000       __guard_flags              0000000000000000     <absolute>
 0000:00000000       __guard_longjmp_count      0000000000000000     <absolute>
 0000:00000000       __guard_fids_count         0000000000000000     <absolute>
 0000:00000000       ___safe_se_handler_table   0000000000000000     <absolute>
 0000:00000000       ___safe_se_handler_count   0000000000000000     <absolute>
 0000:00000000       __guard_fids_table         0000000000000000     <absolute>
 0001:00000000       ??_C@_0BC@LEPLIHNJ@ObjectBar?5Toolbar?$AA@ 0000000140001000     main2.obj
 0001:00000014       ??_C@_06MPNKCPOL@TClock?$AA@ 0000000140001014     main2.obj
 0001:00000020       ??_C@_0BF@LCGHGKHE@ObjectBar?5is?5running?$AA@ 0000000140001020     main2.obj
 0001:00000038       ??_C@_0BA@EHHIIEKN@TClockMainClass?$AA@ 0000000140001038     main2.obj
 0001:00000048       ??_C@_07DJELJCDE@ExePath?$AA@ 0000000140001048     main2.obj
 0001:00000050       ??_C@_0L@EFALKGHP@tclock?4ini?$AA@ 0000000140001050     main2.obj
 0001:00000060       ??_C@_0O@EAGJDNCB@OnContextMenu?$AA@ 0000000140001060     main2.obj
 0001:00000070       ??_C@_0DH@IKJPNPCF@Software?2Microsoft?2Windows?2Curre@ 0000000140001070     main2.obj
 0001:000000a7       ??_C@_00CNPNBAHC@?$AA@     00000001400010a7     main2.obj
 0001:000000a8       ??_C@_09IGCMBMDI@ForeColor?$AA@ 00000001400010a8     main2.obj
 0001:000000b8       ??_C@_07DIPGLEOO@DllName?$AA@ 00000001400010b8     main2.obj
 0001:000000c0       ??_C@_0P@OOOCDJMK@?2luna?4msstyles?$AA@ 00000001400010c0     main2.obj
 0001:000000d0       ??_C@_0P@HLBPBMOI@?2Aero?4msstyles?$AA@ 00000001400010d0     main2.obj
 0001:000000e0       ??_C@_09GKKOPBLC@ColorName?$AA@ 00000001400010e0     main2.obj
 0001:000000f0       ??_C@_0M@CMEPMNOO@NormalColor?$AA@ 00000001400010f0     main2.obj
 0001:000000fc       ??_C@_06PEPCFMNJ@Format?$AA@ 00000001400010fc     main2.obj
 0001:00000104       ??_C@_06BMNFLCFO@Locale?$AA@ 0000000140001104     main2.obj
 0001:00000110       ??_C@_0O@PGCDLJDB@TrayNotifyWnd?$AA@ 0000000140001110     main2.obj
 0001:00000120       ??_C@_05NAOIJFC@Error?$AA@ 0000000140001120     main2.obj
 0001:00000128       ??_C@_0BI@GMONAAJH@Can?8t?5save?5the?5settings?$AA@ 0000000140001128     main2.obj
 0001:00000140       ??_C@_06GMKBCDMM@Kaigyo?$AA@ 0000000140001140     main2.obj
 0001:00000150       __xmm@00000000000000000000000000000006 0000000140001150     main2.obj
 0001:00000160       __xmm@00000001000000010000000100000001 0000000140001160     main2.obj
 0001:00000170       ??_C@_0P@HDDEAF@TaskbarCreated?$AA@ 0000000140001170     wndproc.obj
 0001:00000180       ??_C@_0P@FLPIFOIN@TaskbarRestart?$AA@ 0000000140001180     wndproc.obj
 0001:000001a0       ??_C@_0O@CFCCAJBO@Shell_TrayWnd?$AA@ 00000001400011a0     utl.obj
 0001:000001b0       ??_C@_0BI@LKGCGGME@Software?2Kazubon?2TClock?$AA@ 00000001400011b0     reg.obj
 0001:000001c8       ??_C@_04KGFMLCPK@Main?$AA@ 00000001400011c8     reg.obj
 0001:000001d0       ??_C@_05BMGBEOOC@?$CFs?2?$CFs?$AA@ 00000001400011d0     reg.obj
 0001:000001d8       ??_C@_01BJJEKLCA@?$CC?$AA@ 00000001400011d8     reg.obj
 0001:000001dc       ??_C@_02DPKJAMEF@?$CFd?$AA@ 00000001400011dc     reg.obj
 0001:000001e0       ??_C@_0BO@MPGFGJLC@_h?3nn?3ss?4SSS?2nddd?2nyyyy?1mm?1dd?$AA@ 00000001400011e0     autoformat.obj
 0001:00000200       __xmm@00000000000000120000001100000004 0000000140001200     autoformat.obj
 0001:00000340       WinMainCRTStartup          0000000140001340 f   main.obj
 0001:00000370       r__wtoi                    0000000140001370 f   nodeflib.obj
 0001:000003b0       r_atoi                     00000001400013b0 f   nodeflib.obj
 0001:000008c0       TClockExeMain              00000001400018c0 f   main2.obj
 0001:00000bc0       WndProc                    0000000140001bc0 f   wndproc.obj
 0001:00000cf0       CheckWinVersion            0000000140001cf0 f   utl.obj
 0001:00000de0       GetTClockMainWindow        0000000140001de0 f   utl.obj
 0001:00000e00       GetTaskbarWindow           0000000140001e00 f   utl.obj
 0001:00000e20       add_title                  0000000140001e20 f   utl.obj
 0001:00000ec0       del_title                  0000000140001ec0 f   utl.obj
 0001:00000f30       DelMyRegKey                0000000140001f30 f   reg.obj
 0001:00000fd0       GetMyRegLong               0000000140001fd0 f   reg.obj
 0001:00001080       GetMyRegStr                0000000140002080 f   reg.obj
 0001:00001160       GetRegLong                 0000000140002160 f   reg.obj
 0001:000011f0       GetRegStr                  00000001400021f0 f   reg.obj
 0001:000012a0       SetMyRegLong               00000001400022a0 f   reg.obj
 0001:000013e0       SetMyRegStr                00000001400023e0 f   reg.obj
 0001:000015e0       AutoFormat                 00000001400025e0 f   autoformat.obj
 0001:00001610       InitAutoFormat             0000000140002610 f   autoformat.obj
 0001:00001700       GetCodePage                0000000140002700 f   localeinfo.obj
 0001:00001750       MyGetLocaleInfoA           0000000140002750 f   localeinfo.obj
 0001:00001770       MyGetLocaleInfoW           0000000140002770 f   localeinfo.obj
 0001:00001792       HookStart                  0000000140002792 f   TCDLL:tcdll.tclock
 0001:00001798       HookEnd                    0000000140002798 f   TCDLL:tcdll.tclock
 0001:0000179e       ImmDisableIME              000000014000279e f   imm32:IMM32.dll
 0001:000017c0       strcmp                     00000001400027c0 f   libucrt:strcmp.obj
 0002:00000020       g_bIniSetting              0000000140003020     main2.obj
 0002:00000028       g_hwndClock                0000000140003028     wndproc.obj
 0002:00000064       g_winver                   0000000140003064     <common>
 0002:00000080       g_inifile                  0000000140003080     <common>
 0002:000001a0       g_mydir                    00000001400031a0     <common>
 0002:000002a8       g_hInst                    00000001400032a8     <common>
 0004:00000000       __imp_RegSetValueExA       0000000140005000     advapi32:ADVAPI32.dll
 0004:00000008       __imp_RegCreateKeyA        0000000140005008     advapi32:ADVAPI32.dll
 0004:00000010       __imp_RegQueryValueExA     0000000140005010     advapi32:ADVAPI32.dll
 0004:00000018       __imp_RegOpenKeyA          0000000140005018     advapi32:ADVAPI32.dll
 0004:00000020       __imp_RegDeleteKeyA        0000000140005020     advapi32:ADVAPI32.dll
 0004:00000028       __imp_RegCloseKey          0000000140005028     advapi32:ADVAPI32.dll
 0004:00000030       \177ADVAPI32_NULL_THUNK_DATA 0000000140005030     advapi32:ADVAPI32.dll
 0004:00000038       __imp_ImmDisableIME        0000000140005038     imm32:IMM32.dll
 0004:00000040       \177IMM32_NULL_THUNK_DATA  0000000140005040     imm32:IMM32.dll
 0004:00000048       __imp_GetVersion           0000000140005048     kernel32:KERNEL32.dll
 0004:00000050       __imp_HeapAlloc            0000000140005050     kernel32:KERNEL32.dll
 0004:00000058       __imp_HeapFree             0000000140005058     kernel32:KERNEL32.dll
 0004:00000060       __imp_GetProcessHeap       0000000140005060     kernel32:KERNEL32.dll
 0004:00000068       __imp_GetPrivateProfileIntA 0000000140005068     kernel32:KERNEL32.dll
 0004:00000070       __imp_GetPrivateProfileStringA 0000000140005070     kernel32:KERNEL32.dll
 0004:00000078       __imp_WritePrivateProfileStringA 0000000140005078     kernel32:KERNEL32.dll
 0004:00000080       __imp_WritePrivateProfileSectionA 0000000140005080     kernel32:KERNEL32.dll
 0004:00000088       __imp_IsValidCodePage      0000000140005088     kernel32:KERNEL32.dll
 0004:00000090       __imp_GetLocaleInfoW       0000000140005090     kernel32:KERNEL32.dll
 0004:00000098       __imp_GetLocaleInfoA       0000000140005098     kernel32:KERNEL32.dll
 0004:000000a0       __imp_ExitProcess          00000001400050a0     kernel32:KERNEL32.dll
 0004:000000a8       __imp_GetModuleHandleA     00000001400050a8     kernel32:KERNEL32.dll
 0004:000000b0       __imp_GetModuleFileNameA   00000001400050b0     kernel32:KERNEL32.dll
 0004:000000b8       __imp_lstrcmpiA            00000001400050b8     kernel32:KERNEL32.dll
 0004:000000c0       __imp_GetUserDefaultLangID 00000001400050c0     kernel32:KERNEL32.dll
 0004:000000c8       \177KERNEL32_NULL_THUNK_DATA 00000001400050c8     kernel32:KERNEL32.dll
 0004:000000d0       __imp_FindWindowA          00000001400050d0     user32:USER32.dll
 0004:000000d8       __imp_GetClientRect        00000001400050d8     user32:USER32.dll
 0004:000000e0       __imp_ChangeWindowMessageFilter 00000001400050e0     user32:USER32.dll
 0004:000000e8       __imp_RegisterWindowMessageA 00000001400050e8     user32:USER32.dll
 0004:000000f0       __imp_PostMessageA         00000001400050f0     user32:USER32.dll
 0004:000000f8       __imp_DefWindowProcA       00000001400050f8     user32:USER32.dll
 0004:00000100       __imp_PostQuitMessage      0000000140005100     user32:USER32.dll
 0004:00000108       __imp_SetTimer             0000000140005108     user32:USER32.dll
 0004:00000110       __imp_KillTimer            0000000140005110     user32:USER32.dll
 0004:00000118       __imp_CharNextA            0000000140005118     user32:USER32.dll
 0004:00000120       __imp_wsprintfA            0000000140005120     user32:USER32.dll
 0004:00000128       __imp_ShowWindow           0000000140005128     user32:USER32.dll
 0004:00000130       __imp_UnregisterClassA     0000000140005130     user32:USER32.dll
 0004:00000138       __imp_RegisterClassA       0000000140005138     user32:USER32.dll
 0004:00000140       __imp_DispatchMessageA     0000000140005140     user32:USER32.dll
 0004:00000148       __imp_TranslateMessage     0000000140005148     user32:USER32.dll
 0004:00000150       __imp_GetMessageA          0000000140005150     user32:USER32.dll
 0004:00000158       __imp_FindWindowExA        0000000140005158     user32:USER32.dll
 0004:00000160       __imp_CreateWindowExA      0000000140005160     user32:USER32.dll
 0004:00000168       __imp_MessageBoxA          0000000140005168     user32:USER32.dll
 0004:00000170       \177USER32_NULL_THUNK_DATA 0000000140005170     user32:USER32.dll
 0004:00000178       __imp_HookEnd              0000000140005178     TCDLL:tcdll.tclock
 0004:00000180       __imp_HookStart            0000000140005180     TCDLL:tcdll.tclock
 0004:00000188       \177tcdll_NULL_THUNK_DATA  0000000140005188     TCDLL:tcdll.tclock
 0004:00000190       __IMPORT_DESCRIPTOR_tcdll  0000000140005190     TCDLL:tcdll.tclock
 0004:000001a4       __IMPORT_DESCRIPTOR_KERNEL32 00000001400051a4     kernel32:KERNEL32.dll
 0004:000001b8       __IMPORT_DESCRIPTOR_USER32 00000001400051b8     user32:USER32.dll
 0004:000001cc       __IMPORT_DESCRIPTOR_ADVAPI32 00000001400051cc     advapi32:ADVAPI32.dll
 0004:000001e0       __IMPORT_DESCRIPTOR_IMM32  00000001400051e0     imm32:IMM32.dll
 0004:000001f4       __NULL_IMPORT_DESCRIPTOR   00000001400051f4     TCDLL:tcdll.tclock

 entry point at        0001:00000340

 Static symbols

 0004:ffffb000       .idata$6                   0000000140000000     dwmapi:dwmapi.dll
 0004:ffffb000       .idata$6                   0000000140000000     shell32:SHELL32.dll
 0001:00000190       c_DwmMaxQueuedBuffers      0000000140001190     utl.obj
 0001:00000194       c_DwmMaxMonitors           0000000140001194     utl.obj
 0001:00000198       c_DwmMaxAdapters           0000000140001198     utl.obj
 0001:00000400       AddMessageFilters          0000000140001400 f   main2.obj
 0001:000004f0       InitFormat                 00000001400014f0 f   main2.obj
 0001:000006c0       InitTClockMain             00000001400016c0 f   main2.obj
 0001:00000760       InitTextColor              0000000140001760 f   main2.obj
 0001:00000a90       ClearTClockMain            0000000140001a90 f   wndproc.obj
 0001:00000af0       OnTaskbarRestart           0000000140001af0 f   wndproc.obj
 0001:00000b70       OnTimerStart               0000000140001b70 f   wndproc.obj
 0001:000017b0       $$000000                   00000001400027b0     libucrt:strcmp.obj
 0001:00001828       $unwind$WinMainCRTStartup  0000000140002828     main.obj
 0001:00001828       $unwind$CheckWinVersion    0000000140002828     utl.obj
 0001:00001828       $unwind$ClearTClockMain    0000000140002828     wndproc.obj
 0001:00001830       $unwind$TClockExeMain      0000000140002830     main2.obj
 0001:00001838       $chain$1$TClockExeMain     0000000140002838     main2.obj
 0001:00001850       $chain$2$TClockExeMain     0000000140002850     main2.obj
 0001:00001864       $unwind$InitTClockMain     0000000140002864     main2.obj
 0001:00001864       $unwind$del_title          0000000140002864     utl.obj
 0001:00001870       $unwind$InitTextColor      0000000140002870     main2.obj
 0001:0000187c       $chain$0$InitTextColor     000000014000287c     main2.obj
 0001:00001890       $chain$1$InitTextColor     0000000140002890     main2.obj
 0001:000018a0       $unwind$InitFormat         00000001400028a0     main2.obj
 0001:000018ac       $chain$2$InitFormat        00000001400028ac     main2.obj
 0001:000018c8       $chain$3$InitFormat        00000001400028c8     main2.obj
 0001:000018dc       $chain$4$InitFormat        00000001400028dc     main2.obj
 0001:000018ec       $unwind$AddMessageFilters  00000001400028ec     main2.obj
 0001:000018fc       $unwind$WndProc            00000001400028fc     wndproc.obj
 0001:00001910       $unwind$OnTaskbarRestart   0000000140002910     wndproc.obj
 0001:00001910       $unwind$add_title          0000000140002910     utl.obj
 0001:00001910       $unwind$OnTimerStart       0000000140002910     wndproc.obj
 0001:00001918       $unwind$GetMyRegStr        0000000140002918     reg.obj
 0001:00001928       $unwind$SetMyRegStr        0000000140002928     reg.obj
 0001:00001938       $chain$0$SetMyRegStr       0000000140002938     reg.obj
 0001:0000194c       $chain$1$SetMyRegStr       000000014000294c     reg.obj
 0001:0000195c       $chain$2$SetMyRegStr       000000014000295c     reg.obj
 0001:00001970       $chain$3$SetMyRegStr       0000000140002970     reg.obj
 0001:00001980       $unwind$GetMyRegLong       0000000140002980     reg.obj
 0001:0000198c       $unwind$SetMyRegLong       000000014000298c     reg.obj
 0001:000019a0       $unwind$DelMyRegKey        00000001400029a0     reg.obj
 0001:000019ac       $unwind$GetRegStr          00000001400029ac     reg.obj
 0001:000019bc       $unwind$GetRegLong         00000001400029bc     reg.obj
 0001:000019cc       $unwind$InitAutoFormat     00000001400029cc     autoformat.obj
 0001:000019e0       $unwind$GetCodePage        00000001400029e0     localeinfo.obj
 0001:000019f0       $xdatasym                  00000001400029f0     libucrt:strcmp.obj
 0002:00000000       m_mykey                    0000000140003000     reg.obj
 0002:00000030       m_bHook                    0000000140003030     wndproc.obj
 0002:00000034       m_bStartTimer              0000000140003034     wndproc.obj
 0002:00000038       ?bCleared@?1??ClearTClockMain@@9@9 0000000140003038     wndproc.obj
 0002:0000003c       m_uTaskbarRestart          000000014000303c     wndproc.obj
 0002:00000040       m_idate                    0000000140003040     autoformat.obj
 0002:00000044       m_bDayOfWeekIsLast         0000000140003044     autoformat.obj
 0002:00000048       m_sMon                     0000000140003048     autoformat.obj
 0002:00000060       m_bTimeMarkerIsFirst       0000000140003060     autoformat.obj
 0003:00000000       $pdata$WinMainCRTStartup   0000000140004000     main.obj
 0003:0000000c       $pdata$AddMessageFilters   000000014000400c     main2.obj
 0003:00000018       $pdata$InitFormat          0000000140004018     main2.obj
 0003:00000024       $pdata$2$InitFormat        0000000140004024     main2.obj
 0003:00000030       $pdata$3$InitFormat        0000000140004030     main2.obj
 0003:0000003c       $pdata$4$InitFormat        000000014000403c     main2.obj
 0003:00000048       $pdata$InitTClockMain      0000000140004048     main2.obj
 0003:00000054       $pdata$InitTextColor       0000000140004054     main2.obj
 0003:00000060       $pdata$0$InitTextColor     0000000140004060     main2.obj
 0003:0000006c       $pdata$1$InitTextColor     000000014000406c     main2.obj
 0003:00000078       $pdata$TClockExeMain       0000000140004078     main2.obj
 0003:00000084       $pdata$1$TClockExeMain     0000000140004084     main2.obj
 0003:00000090       $pdata$2$TClockExeMain     0000000140004090     main2.obj
 0003:0000009c       $pdata$ClearTClockMain     000000014000409c     wndproc.obj
 0003:000000a8       $pdata$OnTaskbarRestart    00000001400040a8     wndproc.obj
 0003:000000b4       $pdata$OnTimerStart        00000001400040b4     wndproc.obj
 0003:000000c0       $pdata$WndProc             00000001400040c0     wndproc.obj
 0003:000000cc       $pdata$CheckWinVersion     00000001400040cc     utl.obj
 0003:000000d8       $pdata$add_title           00000001400040d8     utl.obj
 0003:000000e4       $pdata$del_title           00000001400040e4     utl.obj
 0003:000000f0       $pdata$DelMyRegKey         00000001400040f0     reg.obj
 0003:000000fc       $pdata$GetMyRegLong        00000001400040fc     reg.obj
 0003:00000108       $pdata$GetMyRegStr         0000000140004108     reg.obj
 0003:00000114       $pdata$GetRegLong          0000000140004114     reg.obj
 0003:00000120       $pdata$GetRegStr           0000000140004120     reg.obj
 0003:0000012c       $pdata$SetMyRegLong        000000014000412c     reg.obj
 0003:00000138       $pdata$SetMyRegStr         0000000140004138     reg.obj
 0003:00000144       $pdata$0$SetMyRegStr       0000000140004144     reg.obj
 0003:00000150       $pdata$1$SetMyRegStr       0000000140004150     reg.obj
 0003:0000015c       $pdata$2$SetMyRegStr       000000014000415c     reg.obj
 0003:00000168       $pdata$3$SetMyRegStr       0000000140004168     reg.obj
 0003:00000174       $pdata$InitAutoFormat      0000000140004174     autoformat.obj
 0003:00000180       $pdata$GetCodePage         0000000140004180     localeinfo.obj
 0004:000003ae       .idata$6                   00000001400053ae     TCDLL:tcdll.tclock
 0004:000004f6       .idata$6                   00000001400054f6     kernel32:KERNEL32.dll
 0004:00000656       .idata$6                   0000000140005656     user32:USER32.dll
 0004:000006c4       .idata$6                   00000001400056c4     advapi32:ADVAPI32.dll
 0004:000006e2       .idata$6                   00000001400056e2     imm32:IMM32.dll
 0005:000001d0       $R000000                   00000001400061d0     tclock.res
 0005:00000488       $R0002B8                   0000000140006488     tclock.res
 0005:00000768       $R000598                   0000000140006768     tclock.res
 0005:00000a50       $R000880                   0000000140006a50     tclock.res
 0005:00000b78       $R0009A8                   0000000140006b78     tclock.res
 0005:00000ba0       $R0009D0                   0000000140006ba0     tclock.res
